
> pulse-fit@0.1.0 build
> next build

Γû▓ Next.js 16.1.1 (Turbopack)
- Environments: .env

  Creating an optimized production build ...
node.exe : 
At line:1 char:1
+ & "C:\Program 
Files\nodejs/node.exe" "C:\Program 
Files\nodejs/node_mo ...
+ ~~~~~~~~~~~~~~~~~~~~~~~~~~~~~~~~~~~
~~~~~~~~~~~~~~~~~~~~~~~~~~~~~~~~~~
    + CategoryInfo          : 
NotSpec    ified: (:String) [], 
RemoteExcept    ion
    + FullyQualifiedErrorId : 
NativeC    ommandError
 
> Build error occurred
Error: Turbopack build failed with 1 
errors:
./components/admin/schedule/ScheduleC
alendar.tsx
Reading source code for parsing 
failed
An unexpected error happened while 
trying to read the source code to 
parse: failed to convert rope into 
string

Caused by:
- invalid utf-8 sequence of 1 bytes 
from index 7654

Import traces:
  Client Component Browser:
    ./components/admin/schedule/Sched
uleCalendar.tsx [Client Component 
Browser]
    ./app/(admin)/admin/schedule/page
.tsx [Client Component Browser]
    ./app/(admin)/admin/schedule/page
.tsx [Server Component]

  Client Component SSR:
    ./components/admin/schedule/Sched
uleCalendar.tsx [Client Component 
SSR]
    ./app/(admin)/admin/schedule/page
.tsx [Client Component SSR]
    ./app/(admin)/admin/schedule/page
.tsx [Server Component]


    at ignore-listed frames
